  0 [ 11 @( 0, 0) z  50  *
  0 [ 12 @( 0, 2) z  10  *
  0 [ 13 @( 2, 3) z  40  *
 10 ) 12 @( 0, 2) z  40
 10 [ 12 @( 1, 2) z  20
 30 ) 12 @( 1, 2) z  20
 30 [ 12 @( 2, 2) z  60
 40 ) 13 @( 2, 3) z  40
 50 ) 11 @( 0, 0) z  50 
 50 [ 11 @( 1, 0) z  60
 90 ) 12 @( 2, 2) z  60
 90 [ 12 @( 3, 2) z 180  +
 90 [ 13 @( 2, 2) z  60  +
110 ) 11 @( 1, 0) z  60
110 [ 11 @( 2, 0) z  90
150 ) 13 @( 2, 2) z  60
150 [ 13 @( 2, 1) z  10
160 ) 13 @( 2, 1) z  10 
160 [ 13 @( 2, 0) z  80
200 ) 11 @( 2, 0) z  90
200 [ 11 @( 3, 0) z  60
240 ) 13 @( 2, 0) z  80
260 ) 11 @( 3, 0) z  60
270 ) 12 @( 3, 2) z 180